0.005904 -0.003262 -0.011367 -0.001014 -0.000000 
-0.000063 -0.016182 0.047954 -0.000077 -0.000013 
-0.008793 0.054842 -0.018067 -0.000002 -0.000007 
-0.000001 -0.000009 -0.005589 0.004208 -0.000895 
-0.000001 -0.000207 -0.000446 -0.015274 0.014891 
-0.000002 -0.000155 -0.001212 -0.028170 0.033427 
0.116292 -0.085160 -0.016803 -0.000154 -0.000002 
-0.017503 0.110803 -0.014950 -0.000003 -0.000008 
-0.000001 -0.000057 -0.000952 -0.047280 0.058331 
-0.000021 -0.007281 0.011623 -0.000098 -0.000055 
